# started 2026-10-01T20:25:56Z; lsof -nP -i -a -p <app pid(s)> about every 0.5 s; nettop -P -L 1 -p <pid> in a parallel loop (log: netsample.log.nettop)
# control: lsof -nP -i -a -p 29403 (Kata Code app, user-owned control process) shows 1 inet sockets, so the method detects sockets
20:25:57.102 sample=1 pids=none
20:25:57.466 sample=2 pids=none
20:25:57.822 sample=3 pids=none
20:25:58.182 sample=4 pids=none
20:25:58.542 sample=5 pids=none
20:25:58.898 sample=6 pids=none
20:25:59.270 sample=7 pids=none
20:25:59.692 sample=8 pids=none
20:26:00.236 sample=9 pids=none
20:26:00.633 sample=10 pids=none
20:26:01.001 sample=11 pids=none
20:26:01.361 sample=12 pids=none
20:26:01.717 sample=13 pids=none
20:26:02.091 sample=14 pids=none
20:26:02.452 sample=15 pids=none
20:26:02.827 sample=16 pids=none
20:26:03.241 sample=17 pids=none
20:26:03.800 sample=18 pids=none
20:26:04.171 sample=19 pids=none
20:26:04.528 sample=20 pids=none
20:26:04.897 sample=21 pids=none
20:26:05.264 sample=22 pids=none
20:26:05.643 sample=23 pids=none
20:26:06.006 sample=24 pids=none
20:26:06.366 sample=25 pids=none
20:26:06.734 sample=26 pids=none
20:26:07.096 sample=27 pids=none
20:26:07.457 sample=28 pids=none
20:26:07.819 sample=29 pids=none
20:26:08.179 sample=30 pids=none
20:26:08.546 sample=31 pids=none
20:26:08.915 sample=32 pids=none
20:26:09.278 sample=33 pids=none
20:26:09.643 sample=34 pids=none
20:26:10.018 sample=35 pids=none
20:26:10.382 sample=36 pids=none
20:26:10.965 sample=37 pids=none
20:26:11.500 sample=38 pids=none
20:26:12.819 sample=39 pids=53133 inet_sockets=0
20:26:13.468 sample=40 pids=53133 inet_sockets=0
20:26:14.215 sample=41 pids=53133 inet_sockets=0
20:26:14.954 sample=42 pids=53133 inet_sockets=0
20:26:15.841 sample=43 pids=53133 inet_sockets=0
20:26:16.439 sample=44 pids=53133 inet_sockets=0
20:26:17.089 sample=45 pids=53133 inet_sockets=0
20:26:17.684 sample=46 pids=53133 inet_sockets=0
20:26:18.253 sample=47 pids=53133 inet_sockets=0
20:26:18.817 sample=48 pids=53133 inet_sockets=0
20:26:19.412 sample=49 pids=53133 inet_sockets=0
20:26:20.445 sample=50 pids=53133 inet_sockets=0
20:26:21.079 sample=51 pids=53133 inet_sockets=0
20:26:21.704 sample=52 pids=53133 inet_sockets=0
20:26:22.499 sample=53 pids=53133 inet_sockets=0
20:26:23.100 sample=54 pids=53133 inet_sockets=0
20:26:23.732 sample=55 pids=53133 inet_sockets=0
20:26:24.744 sample=56 pids=53133 inet_sockets=0
20:26:25.367 sample=57 pids=53133 inet_sockets=0
20:26:25.996 sample=58 pids=53133 inet_sockets=0
20:26:26.605 sample=59 pids=53133 inet_sockets=0
20:26:27.210 sample=60 pids=53133 inet_sockets=0
20:26:27.957 sample=61 pids=53133 inet_sockets=0
20:26:28.574 sample=62 pids=53133 inet_sockets=0
20:26:29.194 sample=63 pids=53133 inet_sockets=0
20:26:29.817 sample=64 pids=53133 inet_sockets=0
20:26:30.473 sample=65 pids=53133 inet_sockets=0
20:26:31.075 sample=66 pids=53133 inet_sockets=0
20:26:31.655 sample=67 pids=53133 inet_sockets=0
20:26:32.216 sample=68 pids=53133 inet_sockets=0
20:26:32.865 sample=69 pids=53133 inet_sockets=0
20:26:33.472 sample=70 pids=53133 inet_sockets=0
20:26:34.184 sample=71 pids=53133 inet_sockets=0
20:26:34.757 sample=72 pids=53133 inet_sockets=0
20:26:35.341 sample=73 pids=53133 inet_sockets=0
20:26:36.074 sample=74 pids=53133 inet_sockets=0
20:26:36.748 sample=75 pids=53133 inet_sockets=0
20:26:37.751 sample=76 pids=53133 inet_sockets=0
20:26:38.359 sample=77 pids=53133 inet_sockets=0
20:26:39.242 sample=78 pids=53133 inet_sockets=0
20:26:40.311 sample=79 pids=53133 inet_sockets=0
20:26:41.345 sample=80 pids=53133 inet_sockets=0
20:26:42.265 sample=81 pids=53133 inet_sockets=0
20:26:43.469 sample=82 pids=53133 inet_sockets=0
20:26:44.173 sample=83 pids=53133 inet_sockets=0
20:26:44.922 sample=84 pids=53133 inet_sockets=0
20:26:45.777 sample=85 pids=53133 inet_sockets=0
20:26:46.497 sample=86 pids=53133 inet_sockets=0
20:26:47.205 sample=87 pids=53133 inet_sockets=0
20:26:47.837 sample=88 pids=53133 inet_sockets=0
20:26:48.427 sample=89 pids=53133 inet_sockets=0
20:26:49.013 sample=90 pids=53133 inet_sockets=0
20:26:49.653 sample=91 pids=53133 inet_sockets=0
20:26:50.273 sample=92 pids=53133 inet_sockets=0
20:26:50.937 sample=93 pids=53133 inet_sockets=0
20:26:51.607 sample=94 pids=53133 inet_sockets=0
20:26:52.193 sample=95 pids=53133 inet_sockets=0
20:26:52.782 sample=96 pids=53133 inet_sockets=0
20:26:53.335 sample=97 pids=53133 inet_sockets=0
20:26:53.891 sample=98 pids=53133 inet_sockets=0
20:26:54.459 sample=99 pids=53133 inet_sockets=0
20:26:54.989 sample=100 pids=53133 inet_sockets=0
20:26:55.533 sample=101 pids=53133 inet_sockets=0
20:26:56.600 sample=102 pids=53133 inet_sockets=0
20:27:00.229 sample=103 pids=53133 inet_sockets=0
20:27:08.236 sample=104 pids=53133 inet_sockets=0
20:27:12.944 sample=105 pids=53133 inet_sockets=0
20:27:20.060 sample=106 pids=53133 inet_sockets=0
20:27:22.267 sample=107 pids=53133 inet_sockets=0
20:27:24.271 sample=108 pids=53133 inet_sockets=0
20:27:25.643 sample=109 pids=53133 inet_sockets=0
20:27:26.533 sample=110 pids=53133 inet_sockets=0
20:27:28.247 sample=111 pids=53133 inet_sockets=0
20:27:29.785 sample=112 pids=53133 inet_sockets=0
20:27:30.684 sample=113 pids=53133 inet_sockets=0
20:27:31.515 sample=114 pids=53133 inet_sockets=0
20:27:32.149 sample=115 pids=53133 inet_sockets=0
20:27:32.749 sample=116 pids=53133 inet_sockets=0
20:27:33.480 sample=117 pids=53133 inet_sockets=0
20:27:34.074 sample=118 pids=53133 inet_sockets=0
20:27:34.767 sample=119 pids=53133 inet_sockets=0
20:27:35.461 sample=120 pids=53133 inet_sockets=0
20:27:36.079 sample=121 pids=53133 inet_sockets=0
20:27:36.693 sample=122 pids=53133 inet_sockets=0
20:27:37.270 sample=123 pids=53133 inet_sockets=0
20:27:38.848 sample=124 pids=53133 inet_sockets=0
20:27:40.089 sample=125 pids=53133 inet_sockets=0
20:27:40.736 sample=126 pids=53133 inet_sockets=0
20:27:41.410 sample=127 pids=53133 inet_sockets=0
20:27:42.218 sample=128 pids=53133 inet_sockets=0
20:27:42.941 sample=129 pids=53133 inet_sockets=0
20:27:43.624 sample=130 pids=53133 inet_sockets=0
20:27:44.271 sample=131 pids=53133 inet_sockets=0
20:27:44.959 sample=132 pids=53133 inet_sockets=0
20:27:45.633 sample=133 pids=53133 inet_sockets=0
20:27:46.371 sample=134 pids=53133 inet_sockets=0
20:27:46.971 sample=135 pids=53133 inet_sockets=0
20:27:47.572 sample=136 pids=53133 inet_sockets=0
20:27:48.146 sample=137 pids=53133 inet_sockets=0
20:27:48.743 sample=138 pids=53133 inet_sockets=0
20:27:49.735 sample=139 pids=53133 inet_sockets=0
20:27:50.498 sample=140 pids=53133 inet_sockets=0
20:27:51.412 sample=141 pids=53133 inet_sockets=0
20:27:52.052 sample=142 pids=53133 inet_sockets=0
20:27:52.715 sample=143 pids=53133 inet_sockets=0
20:27:53.338 sample=144 pids=53133 inet_sockets=0
20:27:54.166 sample=145 pids=53133 inet_sockets=0
20:27:54.924 sample=146 pids=53133 inet_sockets=0
20:27:55.746 sample=147 pids=53133 inet_sockets=0
20:27:56.495 sample=148 pids=53133 inet_sockets=0
20:27:57.138 sample=149 pids=53133 inet_sockets=0
20:27:57.772 sample=150 pids=53133 inet_sockets=0
20:27:58.474 sample=151 pids=53133 inet_sockets=0
20:27:59.038 sample=152 pids=53133 inet_sockets=0
20:27:59.674 sample=153 pids=53133 inet_sockets=0
20:28:00.512 sample=154 pids=53133 inet_sockets=0
20:28:01.080 sample=155 pids=53133 inet_sockets=0
20:28:01.638 sample=156 pids=53133 inet_sockets=0
20:28:02.183 sample=157 pids=53133 inet_sockets=0
20:28:02.726 sample=158 pids=53133 inet_sockets=0
20:28:03.306 sample=159 pids=53133 inet_sockets=0
20:28:03.918 sample=160 pids=53133 inet_sockets=0
20:28:04.475 sample=161 pids=53133 inet_sockets=0
20:28:05.029 sample=162 pids=53133 inet_sockets=0
20:28:05.574 sample=163 pids=53133 inet_sockets=0
20:28:06.121 sample=164 pids=53133 inet_sockets=0
20:28:06.677 sample=165 pids=53133 inet_sockets=0
20:28:07.230 sample=166 pids=53133 inet_sockets=0
20:28:07.785 sample=167 pids=53133 inet_sockets=0
20:28:08.359 sample=168 pids=53133 inet_sockets=0
20:28:09.065 sample=169 pids=53133 inet_sockets=0
20:28:09.673 sample=170 pids=53133 inet_sockets=0
20:28:10.255 sample=171 pids=53133 inet_sockets=0
20:28:10.956 sample=172 pids=53133 inet_sockets=0
20:28:11.551 sample=173 pids=53133 inet_sockets=0
20:28:12.116 sample=174 pids=53133 inet_sockets=0
20:28:12.714 sample=175 pids=53133 inet_sockets=0
20:28:13.276 sample=176 pids=53133 inet_sockets=0
20:28:13.833 sample=177 pids=53133 inet_sockets=0
20:28:14.419 sample=178 pids=53133 inet_sockets=0
20:28:14.991 sample=179 pids=53133 inet_sockets=0
20:28:15.565 sample=180 pids=53133 inet_sockets=0
20:28:16.229 sample=181 pids=53133 inet_sockets=0
20:28:16.850 sample=182 pids=53133 inet_sockets=0
20:28:17.456 sample=183 pids=53133 inet_sockets=0
20:28:18.175 sample=184 pids=53133 inet_sockets=0
20:28:18.766 sample=185 pids=53133 inet_sockets=0
20:28:19.387 sample=186 pids=53133 inet_sockets=0
20:28:20.238 sample=187 pids=53133 inet_sockets=0
20:28:20.852 sample=188 pids=53133 inet_sockets=0
20:28:21.527 sample=189 pids=53133 inet_sockets=0
20:28:22.101 sample=190 pids=53133 inet_sockets=0
20:28:22.676 sample=191 pids=53133 inet_sockets=0
20:28:23.407 sample=192 pids=53133 inet_sockets=0
20:28:24.035 sample=193 pids=53133 inet_sockets=0
20:28:24.675 sample=194 pids=53133 inet_sockets=0
20:28:25.306 sample=195 pids=53133 inet_sockets=0
20:28:25.840 sample=196 pids=53133 inet_sockets=0
20:28:26.442 sample=197 pids=53133 inet_sockets=0
20:28:27.011 sample=198 pids=53133 inet_sockets=0
20:28:27.563 sample=199 pids=53133 inet_sockets=0
20:28:28.122 sample=200 pids=53133 inet_sockets=0
20:28:28.758 sample=201 pids=53133 inet_sockets=0
20:28:29.353 sample=202 pids=53133 inet_sockets=0
20:28:29.934 sample=203 pids=53133 inet_sockets=0
20:28:30.503 sample=204 pids=53133 inet_sockets=0
20:28:31.058 sample=205 pids=53133 inet_sockets=0
20:28:31.686 sample=206 pids=53133 inet_sockets=0
20:28:32.252 sample=207 pids=53133 inet_sockets=0
20:28:32.806 sample=208 pids=53133 inet_sockets=0
20:28:33.374 sample=209 pids=53133 inet_sockets=0
20:28:33.923 sample=210 pids=53133 inet_sockets=0
20:28:34.583 sample=211 pids=53133 inet_sockets=0
20:28:35.213 sample=212 pids=53133 inet_sockets=0
20:28:35.834 sample=213 pids=53133 inet_sockets=0
20:28:36.383 sample=214 pids=53133 inet_sockets=0
20:28:37.121 sample=215 pids=53133 inet_sockets=0
20:28:37.949 sample=216 pids=53133 inet_sockets=0
20:28:38.597 sample=217 pids=53133 inet_sockets=0
20:28:39.143 sample=218 pids=53133 inet_sockets=0
20:28:39.695 sample=219 pids=53133 inet_sockets=0
20:28:40.252 sample=220 pids=53133 inet_sockets=0
20:28:40.869 sample=221 pids=53133 inet_sockets=0
20:28:41.439 sample=222 pids=53133 inet_sockets=0
20:28:42.079 sample=223 pids=53133 inet_sockets=0
20:28:42.630 sample=224 pids=53133 inet_sockets=0
20:28:43.197 sample=225 pids=53133 inet_sockets=0
20:28:43.743 sample=226 pids=53133 inet_sockets=0
20:28:44.340 sample=227 pids=53133 inet_sockets=0
20:28:44.958 sample=228 pids=53133 inet_sockets=0
20:28:45.561 sample=229 pids=53133 inet_sockets=0
20:28:46.107 sample=230 pids=53133 inet_sockets=0
20:28:46.674 sample=231 pids=53133 inet_sockets=0
20:28:47.264 sample=232 pids=53133 inet_sockets=0
20:28:47.818 sample=233 pids=53133 inet_sockets=0
20:28:48.362 sample=234 pids=53133 inet_sockets=0
20:28:48.939 sample=235 pids=53133 inet_sockets=0
20:28:49.482 sample=236 pids=53133 inet_sockets=0
20:28:50.042 sample=237 pids=53133 inet_sockets=0
20:28:50.603 sample=238 pids=53133 inet_sockets=0
20:28:51.145 sample=239 pids=53133 inet_sockets=0
20:28:51.693 sample=240 pids=53133 inet_sockets=0
20:28:52.253 sample=241 pids=53133 inet_sockets=0
20:28:52.793 sample=242 pids=53133 inet_sockets=0
20:28:53.333 sample=243 pids=53133 inet_sockets=0
20:28:53.872 sample=244 pids=53133 inet_sockets=0
20:28:54.410 sample=245 pids=53133 inet_sockets=0
20:28:54.953 sample=246 pids=53133 inet_sockets=0
20:28:55.497 sample=247 pids=53133 inet_sockets=0
20:28:56.041 sample=248 pids=53133 inet_sockets=0
20:28:56.575 sample=249 pids=53133 inet_sockets=0
20:28:57.114 sample=250 pids=53133 inet_sockets=0
20:28:57.673 sample=251 pids=53133 inet_sockets=0
20:28:58.209 sample=252 pids=53133 inet_sockets=0
20:28:58.760 sample=253 pids=53133 inet_sockets=0
20:28:59.303 sample=254 pids=53133 inet_sockets=0
20:28:59.849 sample=255 pids=53133 inet_sockets=0
20:29:00.462 sample=256 pids=53133 inet_sockets=0
20:29:01.016 sample=257 pids=53133 inet_sockets=0
20:29:01.550 sample=258 pids=53133 inet_sockets=0
20:29:02.088 sample=259 pids=53133 inet_sockets=0
20:29:02.661 sample=260 pids=53133 inet_sockets=0
20:29:03.213 sample=261 pids=53133 inet_sockets=0
20:29:03.764 sample=262 pids=53133 inet_sockets=0
20:29:04.310 sample=263 pids=53133 inet_sockets=0
20:29:04.874 sample=264 pids=53133 inet_sockets=0
20:29:05.427 sample=265 pids=53133 inet_sockets=0
20:29:05.980 sample=266 pids=53133 inet_sockets=0
20:29:06.522 sample=267 pids=53133 inet_sockets=0
20:29:07.068 sample=268 pids=53133 inet_sockets=0
20:29:07.618 sample=269 pids=53133 inet_sockets=0
20:29:08.160 sample=270 pids=53133 inet_sockets=0
20:29:08.722 sample=271 pids=53133 inet_sockets=0
20:29:09.321 sample=272 pids=53133 inet_sockets=0
20:29:09.898 sample=273 pids=53133 inet_sockets=0
20:29:10.443 sample=274 pids=53133 inet_sockets=0
20:29:10.991 sample=275 pids=53133 inet_sockets=0
20:29:11.525 sample=276 pids=53133 inet_sockets=0
20:29:12.071 sample=277 pids=53133 inet_sockets=0
20:29:12.612 sample=278 pids=53133 inet_sockets=0
20:29:13.157 sample=279 pids=53133 inet_sockets=0
20:29:13.711 sample=280 pids=53133 inet_sockets=0
20:29:14.244 sample=281 pids=53133 inet_sockets=0
20:29:14.805 sample=282 pids=53133 inet_sockets=0
20:29:15.348 sample=283 pids=53133 inet_sockets=0
20:29:15.913 sample=284 pids=53133 inet_sockets=0
20:29:16.452 sample=285 pids=53133 inet_sockets=0
20:29:17.003 sample=286 pids=53133 inet_sockets=0
20:29:17.598 sample=287 pids=53133 inet_sockets=0
20:29:18.210 sample=288 pids=53133 inet_sockets=0
20:29:18.796 sample=289 pids=53133 inet_sockets=0
20:29:19.380 sample=290 pids=53133 inet_sockets=0
20:29:20.116 sample=291 pids=53133 inet_sockets=0
20:29:20.812 sample=292 pids=53133 inet_sockets=0
20:29:21.482 sample=293 pids=53133 inet_sockets=0
20:29:22.203 sample=294 pids=53133 inet_sockets=0
20:29:22.803 sample=295 pids=53133 inet_sockets=0
20:29:23.507 sample=296 pids=53133 inet_sockets=0
20:29:24.156 sample=297 pids=53133 inet_sockets=0
20:29:24.744 sample=298 pids=53133 inet_sockets=0
20:29:25.294 sample=299 pids=53133 inet_sockets=0
20:29:25.883 sample=300 pids=53133 inet_sockets=0
20:29:26.513 sample=301 pids=53133 inet_sockets=0
20:29:27.317 sample=302 pids=53133 inet_sockets=0
20:29:27.928 sample=303 pids=53133 inet_sockets=0
20:29:28.505 sample=304 pids=53133 inet_sockets=0
20:29:29.157 sample=305 pids=53133 inet_sockets=0
20:29:29.927 sample=306 pids=53133 inet_sockets=0
20:29:30.637 sample=307 pids=53133 inet_sockets=0
20:29:31.361 sample=308 pids=53133 inet_sockets=0
20:29:32.021 sample=309 pids=53133 inet_sockets=0
20:29:32.579 sample=310 pids=53133 inet_sockets=0
20:29:33.127 sample=311 pids=53133 inet_sockets=0
20:29:33.684 sample=312 pids=53133 inet_sockets=0
20:29:34.224 sample=313 pids=53133 inet_sockets=0
20:29:34.779 sample=314 pids=53133 inet_sockets=0
20:29:35.378 sample=315 pids=53133 inet_sockets=0
20:29:36.015 sample=316 pids=53133 inet_sockets=0
20:29:36.659 sample=317 pids=53133 inet_sockets=0
20:29:37.196 sample=318 pids=53133 inet_sockets=0
20:29:37.795 sample=319 pids=53133 inet_sockets=0
20:29:38.440 sample=320 pids=53133 inet_sockets=0
20:29:38.980 sample=321 pids=53133 inet_sockets=0
20:29:39.516 sample=322 pids=53133 inet_sockets=0
20:29:40.054 sample=323 pids=53133 inet_sockets=0
20:29:40.666 sample=324 pids=53133 inet_sockets=0
20:29:41.216 sample=325 pids=53133 inet_sockets=0
20:29:41.758 sample=326 pids=53133 inet_sockets=0
20:29:42.300 sample=327 pids=53133 inet_sockets=0
20:29:42.854 sample=328 pids=53133 inet_sockets=0
20:29:43.393 sample=329 pids=53133 inet_sockets=0
20:29:43.973 sample=330 pids=53133 inet_sockets=0
20:29:44.571 sample=331 pids=53133 inet_sockets=0
20:29:45.138 sample=332 pids=53133 inet_sockets=0
20:29:45.685 sample=333 pids=53133 inet_sockets=0
20:29:46.221 sample=334 pids=53133 inet_sockets=0
20:29:46.798 sample=335 pids=53133 inet_sockets=0
20:29:47.337 sample=336 pids=53133 inet_sockets=0
20:29:47.889 sample=337 pids=53133 inet_sockets=0
20:29:48.440 sample=338 pids=53133 inet_sockets=0
20:29:48.999 sample=339 pids=53133 inet_sockets=0
20:29:49.537 sample=340 pids=53133 inet_sockets=0
20:29:50.115 sample=341 pids=53133 inet_sockets=0
20:29:50.656 sample=342 pids=53133 inet_sockets=0
20:29:51.191 sample=343 pids=53133 inet_sockets=0
20:29:51.734 sample=344 pids=53133 inet_sockets=0
20:29:52.273 sample=345 pids=53133 inet_sockets=0
20:29:52.845 sample=346 pids=53133 inet_sockets=0
20:29:53.401 sample=347 pids=53133 inet_sockets=0
20:29:53.961 sample=348 pids=53133 inet_sockets=0
20:29:54.505 sample=349 pids=53133 inet_sockets=0
20:29:55.058 sample=350 pids=53133 inet_sockets=0
20:29:55.630 sample=351 pids=53133 inet_sockets=0
20:29:56.168 sample=352 pids=53133 inet_sockets=0
20:29:56.713 sample=353 pids=53133 inet_sockets=0
20:29:57.255 sample=354 pids=53133 inet_sockets=0
20:29:57.795 sample=355 pids=53133 inet_sockets=0
20:29:58.424 sample=356 pids=53133 inet_sockets=0
20:29:58.976 sample=357 pids=53133 inet_sockets=0
20:29:59.544 sample=358 pids=53133 inet_sockets=0
20:30:00.178 sample=359 pids=53133 inet_sockets=0
20:30:00.738 sample=360 pids=53133 inet_sockets=0
20:30:01.279 sample=361 pids=53133 inet_sockets=0
20:30:01.824 sample=362 pids=53133 inet_sockets=0
20:30:02.361 sample=363 pids=53133 inet_sockets=0
20:30:02.896 sample=364 pids=53133 inet_sockets=0
20:30:03.451 sample=365 pids=53133 inet_sockets=0
20:30:03.911 sample=366 pids=53133 inet_sockets=0
20:30:04.265 sample=367 pids=none
20:30:04.621 sample=368 pids=none
20:30:04.977 sample=369 pids=none
20:30:05.581 sample=370 pids=64657 inet_sockets=0
20:30:06.118 sample=371 pids=64657 inet_sockets=0
20:30:06.672 sample=372 pids=64657 inet_sockets=0
20:30:07.259 sample=373 pids=64657 inet_sockets=0
20:30:07.812 sample=374 pids=64657 inet_sockets=0
20:30:08.363 sample=375 pids=64657 inet_sockets=0
20:30:08.928 sample=376 pids=64657 inet_sockets=0
20:30:09.490 sample=377 pids=64657 inet_sockets=0
20:30:10.070 sample=378 pids=64657 inet_sockets=0
20:30:10.647 sample=379 pids=64657 inet_sockets=0
20:30:11.238 sample=380 pids=64657 inet_sockets=0
20:30:11.794 sample=381 pids=64657 inet_sockets=0
20:30:12.340 sample=382 pids=64657 inet_sockets=0
20:30:12.882 sample=383 pids=64657 inet_sockets=0
20:30:13.431 sample=384 pids=64657 inet_sockets=0
20:30:13.977 sample=385 pids=64657 inet_sockets=0
20:30:14.569 sample=386 pids=64657 inet_sockets=0
20:30:15.125 sample=387 pids=64657 inet_sockets=0
20:30:15.669 sample=388 pids=64657 inet_sockets=0
20:30:16.210 sample=389 pids=64657 inet_sockets=0
20:30:16.746 sample=390 pids=64657 inet_sockets=0
20:30:17.287 sample=391 pids=64657 inet_sockets=0
20:30:17.831 sample=392 pids=64657 inet_sockets=0
20:30:18.433 sample=393 pids=64657 inet_sockets=0
20:30:18.982 sample=394 pids=64657 inet_sockets=0
20:30:19.531 sample=395 pids=64657 inet_sockets=0
20:30:20.150 sample=396 pids=64657 inet_sockets=0
20:30:20.698 sample=397 pids=64657 inet_sockets=0
20:30:21.520 sample=398 pids=64657 inet_sockets=0
20:30:22.065 sample=399 pids=64657 inet_sockets=0
20:30:22.606 sample=400 pids=64657 inet_sockets=0
20:30:23.137 sample=401 pids=64657 inet_sockets=0
20:30:23.688 sample=402 pids=64657 inet_sockets=0
20:30:24.312 sample=403 pids=64657 inet_sockets=0
20:30:24.859 sample=404 pids=64657 inet_sockets=0
20:30:25.414 sample=405 pids=64657 inet_sockets=0
20:30:25.951 sample=406 pids=64657 inet_sockets=0
20:30:26.491 sample=407 pids=64657 inet_sockets=0
20:30:27.041 sample=408 pids=64657 inet_sockets=0
20:30:27.594 sample=409 pids=64657 inet_sockets=0
20:30:28.174 sample=410 pids=64657 inet_sockets=0
20:30:28.732 sample=411 pids=64657 inet_sockets=0
20:30:29.292 sample=412 pids=64657 inet_sockets=0
20:30:29.838 sample=413 pids=64657 inet_sockets=0
20:30:30.388 sample=414 pids=64657 inet_sockets=0
20:30:30.928 sample=415 pids=64657 inet_sockets=0
20:30:31.482 sample=416 pids=64657 inet_sockets=0
20:30:32.029 sample=417 pids=64657 inet_sockets=0
20:30:32.574 sample=418 pids=64657 inet_sockets=0
20:30:33.104 sample=419 pids=64657 inet_sockets=0
20:30:33.680 sample=420 pids=64657 inet_sockets=0
20:30:34.220 sample=421 pids=64657 inet_sockets=0
20:30:34.756 sample=422 pids=64657 inet_sockets=0
20:30:35.288 sample=423 pids=64657 inet_sockets=0
20:30:35.834 sample=424 pids=64657 inet_sockets=0
20:30:36.380 sample=425 pids=64657 inet_sockets=0
20:30:36.952 sample=426 pids=64657 inet_sockets=0
20:30:37.508 sample=427 pids=64657 inet_sockets=0
20:30:38.053 sample=428 pids=64657 inet_sockets=0
20:30:38.594 sample=429 pids=64657 inet_sockets=0
20:30:39.133 sample=430 pids=64657 inet_sockets=0
20:30:39.688 sample=431 pids=64657 inet_sockets=0
20:30:40.323 sample=432 pids=64657 inet_sockets=0
20:30:40.869 sample=433 pids=64657 inet_sockets=0
20:30:41.408 sample=434 pids=64657 inet_sockets=0
20:30:41.962 sample=435 pids=64657 inet_sockets=0
20:30:42.506 sample=436 pids=64657 inet_sockets=0
20:30:43.042 sample=437 pids=64657 inet_sockets=0
20:30:43.589 sample=438 pids=64657 inet_sockets=0
20:30:44.127 sample=439 pids=64657 inet_sockets=0
20:30:44.672 sample=440 pids=64657 inet_sockets=0
20:30:45.267 sample=441 pids=64657 inet_sockets=0
20:30:45.620 sample=442 pids=none
20:30:45.974 sample=443 pids=none
20:30:46.328 sample=444 pids=none
20:30:46.683 sample=445 pids=none
20:30:47.037 sample=446 pids=none
20:30:47.395 sample=447 pids=none
20:30:47.749 sample=448 pids=none
20:30:48.096 sample=449 pids=none
20:30:48.450 sample=450 pids=none
20:30:48.795 sample=451 pids=none
20:30:49.148 sample=452 pids=none
20:30:49.495 sample=453 pids=none
20:30:49.848 sample=454 pids=none
20:30:50.192 sample=455 pids=none
20:30:50.545 sample=456 pids=none
20:30:50.898 sample=457 pids=none
20:30:51.253 sample=458 pids=none
20:30:51.606 sample=459 pids=none
20:30:51.956 sample=460 pids=none
20:30:52.298 sample=461 pids=none
20:30:52.652 sample=462 pids=none
20:30:53.005 sample=463 pids=none
20:30:53.352 sample=464 pids=none
20:30:53.705 sample=465 pids=none
20:30:54.075 sample=466 pids=none
20:30:54.423 sample=467 pids=none
20:30:54.776 sample=468 pids=none
20:30:55.130 sample=469 pids=none
20:30:55.484 sample=470 pids=none
20:30:55.836 sample=471 pids=none
20:30:56.184 sample=472 pids=none
20:30:56.541 sample=473 pids=none
20:30:56.893 sample=474 pids=none
20:30:57.238 sample=475 pids=none
20:30:57.587 sample=476 pids=none
20:30:57.941 sample=477 pids=none
20:30:58.295 sample=478 pids=none
20:30:58.648 sample=479 pids=none
20:30:58.999 sample=480 pids=none
20:30:59.345 sample=481 pids=none
20:30:59.701 sample=482 pids=none
20:31:00.136 sample=483 pids=none
20:31:00.490 sample=484 pids=none
20:31:00.842 sample=485 pids=none
20:31:01.197 sample=486 pids=none
20:31:01.550 sample=487 pids=none
20:31:01.903 sample=488 pids=none
20:31:02.254 sample=489 pids=none
20:31:02.608 sample=490 pids=none
20:31:02.957 sample=491 pids=none
20:31:03.304 sample=492 pids=none
20:31:03.658 sample=493 pids=none
20:31:04.010 sample=494 pids=none
20:31:04.362 sample=495 pids=none
20:31:04.716 sample=496 pids=none
20:31:05.070 sample=497 pids=none
20:31:05.415 sample=498 pids=none
20:31:05.768 sample=499 pids=none
20:31:06.116 sample=500 pids=none
20:31:06.470 sample=501 pids=none
20:31:06.823 sample=502 pids=none
20:31:07.174 sample=503 pids=none
20:31:07.522 sample=504 pids=none
20:31:07.875 sample=505 pids=none
20:31:08.229 sample=506 pids=none
20:31:08.582 sample=507 pids=none
20:31:08.937 sample=508 pids=none
20:31:09.282 sample=509 pids=none
20:31:09.626 sample=510 pids=none
20:31:09.979 sample=511 pids=none
20:31:10.333 sample=512 pids=none
20:31:10.687 sample=513 pids=none
20:31:11.038 sample=514 pids=none
20:31:11.390 sample=515 pids=none
20:31:11.743 sample=516 pids=none
20:31:12.088 sample=517 pids=none
20:31:12.433 sample=518 pids=none
20:31:12.781 sample=519 pids=none
20:31:13.127 sample=520 pids=none
20:31:13.478 sample=521 pids=none
20:31:13.837 sample=522 pids=none
20:31:14.197 sample=523 pids=none
20:31:14.562 sample=524 pids=none
20:31:14.920 sample=525 pids=none
20:31:15.273 sample=526 pids=none
20:31:15.624 sample=527 pids=none
20:31:15.984 sample=528 pids=none
20:31:16.328 sample=529 pids=none
20:31:16.684 sample=530 pids=none
20:31:17.040 sample=531 pids=none
20:31:17.402 sample=532 pids=none
20:31:17.757 sample=533 pids=none
20:31:18.119 sample=534 pids=none
20:31:18.477 sample=535 pids=none
20:31:18.834 sample=536 pids=none
20:31:19.215 sample=537 pids=none
20:31:19.574 sample=538 pids=none
20:31:20.002 sample=539 pids=none
20:31:20.358 sample=540 pids=none
20:31:20.719 sample=541 pids=none
20:31:21.084 sample=542 pids=none
20:31:21.438 sample=543 pids=none
20:31:21.784 sample=544 pids=none
20:31:22.148 sample=545 pids=none
20:31:22.505 sample=546 pids=none
20:31:22.852 sample=547 pids=none
20:31:23.200 sample=548 pids=none
20:31:23.548 sample=549 pids=none
20:31:23.898 sample=550 pids=none
20:31:24.242 sample=551 pids=none
20:31:24.596 sample=552 pids=none
20:31:24.951 sample=553 pids=none
20:31:25.306 sample=554 pids=none
20:31:25.659 sample=555 pids=none
20:31:26.034 sample=556 pids=none
20:31:26.389 sample=557 pids=none
20:31:26.744 sample=558 pids=none
20:31:27.094 sample=559 pids=none
20:31:27.443 sample=560 pids=none
20:31:27.803 sample=561 pids=none
20:31:28.158 sample=562 pids=none
20:31:28.512 sample=563 pids=none
20:31:28.866 sample=564 pids=none
20:31:29.223 sample=565 pids=none
20:31:29.568 sample=566 pids=none
20:31:29.925 sample=567 pids=none
20:31:30.288 sample=568 pids=none
20:31:30.643 sample=569 pids=none
20:31:30.995 sample=570 pids=none
20:31:31.341 sample=571 pids=none
20:31:31.692 sample=572 pids=none
20:31:32.041 sample=573 pids=none
# stopped 2026-10-01T20:31:32Z samples=573
